// Jest Snapshot v1, https://goo.gl/fbAQLP

exports[`components/button render 1`] = `
"<div class=\\"u-button\\">
  <!---->click
</div>"
`;
