// Jest Snapshot v1, https://goo.gl/fbAQLP

exports[`components/demo render 1`] = `"<div class=\\"u--demo\\">click</div>"`;
